
> Configure project :
Fabric Loom: 1.16.3

> Task :compileJava
Note: /Users/d3ugahlan/Documents/ProjectVS/prisma/src/main/java/com/prisma/render/PrismaMRTManager.java uses or overrides a deprecated API.
Note: Recompile with -Xlint:deprecation for details.
Note: /Users/d3ugahlan/Documents/ProjectVS/prisma/src/main/java/com/prisma/render/MetalDevice.java uses unchecked or unsafe operations.
Note: Recompile with -Xlint:unchecked for details.

> Task :processResources UP-TO-DATE
> Task :classes
> Task :generateLog4jConfig UP-TO-DATE
> Task :generateDLIConfig UP-TO-DATE
> Task :configureLaunch UP-TO-DATE
> Task :downloadAssets UP-TO-DATE
> Task :configureClientLaunch UP-TO-DATE

> Task :runClient
[34m[20:09:33][m [32m[main/INFO][m [36m(FabricLoader/GameProvider)[m [0mLoading Minecraft 26.3 with Fabric Loader 0.19.3
[m[34m[20:09:33][m [32m[main/INFO][m [36m(FabricLoader/Mappings)[m [0mMappings not present!
[m[34m[20:09:33][m [32m[main/INFO][m [36m(FabricLoader)[m [0mLoading 16 mods:
	- continents 1.2.1+26.3
	- fabricloader 0.19.3
	- java 26
	- minecraft 26.3
	- mixinextras 0.5.4
	- prisma 26.3-preview.3
	- sodium 0.9.2+mc26.3
	   |-- fabric-api-base 2.0.6+fcdff87f02
	   |-- fabric-block-getter-api-v2 2.0.9+3434d6d902
	   |-- fabric-lifecycle-events-v1 4.1.9+ffef5f6702
	   |-- fabric-renderer-api-v1 17.0.14+2ce735b802
	   |-- fabric-rendering-fluids-v1 6.0.6+3434d6d902
	   |-- fabric-rendering-v1 27.0.14+901a437c02
	   |-- fabric-resource-loader-v0 3.3.26+4fc5413f02
	   |-- fabric-resource-loader-v1 3.0.4+fcdff87f02
	   \-- fabric-transitive-access-wideners-v1 8.1.16+52268a0e02
[m[34m[20:09:33][m [32m[main/INFO][m [36m(FabricLoader/Mixin)[m [0mSpongePowered MIXIN Subsystem Version=0.8.7 Source=file:/Users/d3ugahlan/.gradle/caches/modules-2/files-2.1/net.fabricmc/sponge-mixin/0.17.3+mixin.0.8.7/41c4a3984a80f4679e759fb9f495587acc5cdac7/sponge-mixin-0.17.3+mixin.0.8.7.jar Service=Knot/Fabric Env=CLIENT
[m[34m[20:09:33][m [32m[main/INFO][m [36m(FabricLoader/Mixin)[m [0mCompatibility level set to JAVA_25
[m[34m[20:09:33][m [32m[main/INFO][m [36m(Sodium)[m [0mLoaded configuration file for Sodium: 37 options available, 0 override(s) found
[m[34m[20:09:34][m [32m[main/INFO][m [36m(Sodium-GraphicsAdapterProbe)[m [0mSearching for graphics cards...
[m[34m[20:09:34][m [32m[main/INFO][m [36m(FabricLoader/MixinExtras|Service)[m [0mInitializing MixinExtras via com.llamalad7.mixinextras.service.MixinExtrasServiceImpl(version=0.5.4).
[m[34m[20:09:37][m [32m[Datafixer Bootstrap #0/INFO][m [36m(Minecraft)[m [0m307 Datafixer optimizations took 243 milliseconds
[m[34m[20:09:37][m [33m[main/WARN][m [36m(MacOperatingSystem)[m [0mUnable to parse version 27.0 to a codename.
[m[34m[20:09:40][m [32m[Render thread/INFO][m [36m(Minecraft)[m [0mEnvironment: Environment[discoveryUrl=https://discovery.minecraftservices.com/minecraft/client, name=PROD]
[m[34m[20:09:40][m [32m[Render thread/INFO][m [36m(Minecraft)[m [0mSetting user: Player394
[m[34m[20:09:40][m [32m[Render thread/INFO][m [36m(prisma)[m [0mInitializing Prisma - Native macOS Voxel Shader Engine
[mWARNING: Final field quality in class net.caffeinemc.mods.sodium.client.gui.SodiumOptions has been mutated reflectively by class com.google.gson.internal.bind.ReflectiveTypeAdapterFactory$2 in unnamed module @44c03695 (file:/Users/d3ugahlan/.gradle/caches/modules-2/files-2.1/com.google.code.gson/gson/2.14.0/efc0e34ede4e3204eaefb84a00e55e8c86634382/gson-2.14.0.jar)
WARNING: Use --enable-final-field-mutation=ALL-UNNAMED to avoid a warning
WARNING: Mutating final fields will be blocked in a future release unless final field mutation is enabled
[34m[20:09:40][m [32m[Render thread/INFO][m [36m(Minecraft)[m [0mBackend library: LWJGL version 3.4.3-snapshot
[m[34m[20:09:41][m [32m[Render thread/INFO][m [36m(Minecraft)[m [0mSDL [SYSTEM]: App name: Minecraft
[m[34m[20:09:41][m [32m[Render thread/INFO][m [36m(Minecraft)[m [0mSDL [SYSTEM]: App version: 26.3
[m[34m[20:09:41][m [32m[Render thread/INFO][m [36m(Minecraft)[m [0mSDL [SYSTEM]: App ID: com.mojang.minecraft
[m[34m[20:09:41][m [32m[Render thread/INFO][m [36m(Minecraft)[m [0mSDL [SYSTEM]: SDL revision: SDL-3.4.14-62f10da
[m[34m[20:09:41][m [33m[Render thread/WARN][m [36m(Minecraft)[m [0mDevice [Apple M1] supports all extensions from FeatureSet [Vulkan Portability Subset], making required
[m[34m[20:09:41][m [32m[Render thread/INFO][m [36m(prisma)[m [0mMetal device: Apple M1
[m[34m[20:09:41][m [32m[Render thread/INFO][m [36m(Minecraft)[m [0mUsing graphics backend Metal, using drivers: macOS 27.0
[m[34m[20:09:41][m [32m[Render thread/INFO][m [36m(Minecraft)[m [0mUsing graphics device: Apple M1 (Apple)
[m[34m[20:09:41][m [32m[Render thread/INFO][m [36m(Minecraft)[m [0mUsing graphics device extensions: 
[m[34m[20:09:41][m [32m[Render thread/INFO][m [36m(Minecraft)[m [0mCreated window using SDL video driver: cocoa
[m[34m[20:09:41][m [32m[Render thread/INFO][m [36m(Minecraft)[m [0mExclusive target 1152x720@60 (24bit) on monitor Built-in Retina Display[0x00000001](1680x1050@60 (24bit) at (0,0))
[m[34m[20:09:42][m [32m[Render thread/INFO][m [36m(Minecraft)[m [0mFound non-pack entry '/Users/d3ugahlan/Documents/ProjectVS/prisma/run/resourcepacks/.DS_Store', ignoring
[m[34m[20:09:43][m [32m[Download-1/INFO][m [36m(Minecraft)[m [0mCould not authorize you against Realms server: java.lang.RuntimeException: Failed to parse into SignedJWT: FabricMC
[m[34m[20:09:43][m [32m[Render thread/INFO][m [36m(Minecraft)[m [0mReloading ResourceManager: vanilla, vanilla, fabric-api-base, fabric-block-getter-api-v2, fabric-lifecycle-events-v1, fabric-renderer-api-v1, fabric-rendering-fluids-v1, fabric-rendering-v1, fabric-resource-loader-v0, fabric-resource-loader-v1, fabric-transitive-access-wideners-v1, fabricloader, prisma, sodium
[m[34m[20:09:43][m [32m[Render thread/INFO][m [36m(prisma)[m [0mMetal: surface configured 1152x720 (FIFO)
[m[34m[20:09:43][m [32m[Worker-Main-5/INFO][m [36m(Minecraft)[m [0mFound unifont_all_no_pua-17.0.01.hex, loading
[m[34m[20:09:43][m [32m[Worker-Main-3/INFO][m [36m(Minecraft)[m [0mFound unifont_pua-17.0.01.hex, loading
[m[34m[20:09:43][m [32m[Worker-Main-6/INFO][m [36m(Minecraft)[m [0mFound unifont_jp_patch-17.0.01.hex, loading
[m[34m[20:09:44][m [32m[Render thread/INFO][m [36m(Minecraft)[m [0mOpenAL initialized on device FN-B40
[m[34m[20:09:44][m [32m[Render thread/INFO][m [36m(Minecraft)[m [0mSound engine started
[m[34m[20:09:44][m [32m[Render thread/INFO][m [36m(Minecraft)[m [0mCreated: 512x256x0 minecraft:textures/atlas/particles.png-atlas
[m[34m[20:09:44][m [32m[Render thread/INFO][m [36m(Minecraft)[m [0mCreated: 256x128x0 minecraft:textures/atlas/celestials.png-atlas
[m[34m[20:09:44][m [32m[Render thread/INFO][m [36m(Minecraft)[m [0mCreated: 128x128x0 minecraft:textures/atlas/decorated_pot.png-atlas
[m[34m[20:09:44][m [32m[Render thread/INFO][m [36m(Minecraft)[m [0mCreated: 512x256x0 minecraft:textures/atlas/paintings.png-atlas
[m[34m[20:09:44][m [32m[Render thread/INFO][m [36m(Minecraft)[m [0mCreated: 1024x512x0 minecraft:textures/atlas/shield_patterns.png-atlas
[m[34m[20:09:44][m [32m[Render thread/INFO][m [36m(Minecraft)[m [0mCreated: 1024x512x0 minecraft:textures/atlas/banner_patterns.png-atlas
[m[34m[20:09:44][m [32m[Render thread/INFO][m [36m(Minecraft)[m [0mCreated: 2048x2048x4 minecraft:textures/atlas/blocks.png-atlas
[m[34m[20:09:45][m [32m[Render thread/INFO][m [36m(Minecraft)[m [0mCreated: 1024x512x0 minecraft:textures/atlas/items.png-atlas
[m[34m[20:09:45][m [32m[Render thread/INFO][m [36m(Minecraft)[m [0mCreated: 1024x1024x0 minecraft:textures/atlas/gui.png-atlas
[m[34m[20:09:45][m [32m[Render thread/INFO][m [36m(Minecraft)[m [0mCreated: 128x64x0 minecraft:textures/atlas/map_decorations.png-atlas
[m[34m[20:09:45][m [32m[Render thread/INFO][m [36m(Minecraft)[m [0mCreated: 512x512x0 minecraft:textures/atlas/chest.png-atlas
[m[34m[20:09:45][m [32m[Render thread/INFO][m [36m(Minecraft)[m [0mCreated: 512x512x0 minecraft:textures/atlas/shulker_boxes.png-atlas
[m[34m[20:09:45][m [32m[Download-1/INFO][m [36m(Minecraft)[m [0mCould not authorize you against Realms server: java.lang.RuntimeException: Failed to parse into SignedJWT: FabricMC
[m[34m[20:16:44][m [32m[Worker-Main-8/INFO][m [36m(Minecraft)[m [0mLoaded 1866 advancements
[m[34m[20:16:44][m [32m[Server thread/INFO][m [36m(Minecraft)[m [0mStarting integrated minecraft server version 26.3
[m[34m[20:16:44][m [32m[Server thread/INFO][m [36m(Minecraft)[m [0mGenerating keypair
[m[34m[20:16:45][m [32m[Server thread/INFO][m [36m(Minecraft)[m [0mLoading 0 persistent chunks...
[m[34m[20:16:45][m [32m[Server thread/INFO][m [36m(Minecraft)[m [0mSaving chunks for level 'ServerLevel[Umsoea R13 Shader Test]'/minecraft:overworld
[m[34m[20:16:45][m [32m[Server thread/INFO][m [36m(Minecraft)[m [0mSaving chunks for level 'ServerLevel[Umsoea R13 Shader Test]'/minecraft:the_end
[m[34m[20:16:45][m [32m[Server thread/INFO][m [36m(Minecraft)[m [0mSaving chunks for level 'ServerLevel[Umsoea R13 Shader Test]'/minecraft:the_nether
[m[34m[20:16:45][m [32m[Server thread/INFO][m [36m(Minecraft)[m [0mLoading 49 chunks for player spawn...
[m[34m[20:16:45][m [32m[Server thread/INFO][m [36m(Minecraft)[m [0mPreparing spawn area: 16%
[m[34m[20:16:45][m [32m[Server thread/INFO][m [36m(Minecraft)[m [0mTime elapsed: 426 ms
[m[34m[20:16:45][m [32m[Server thread/INFO][m [36m(Minecraft)[m [0mPlayer394[local:E:adc83a3f] logged in with entity id 7 at (8.768899648716252, 4.0, 3.9148781744613372)
[m[34m[20:16:45][m [32m[Server thread/INFO][m [36m(Minecraft)[m [0mSystem chat: Player394 joined the game
[m[34m[20:16:45][m [32m[Server thread/INFO][m [36m(Minecraft)[m [0mChanging view distance to 32, from 10
[m[34m[20:16:45][m [32m[Server thread/INFO][m [36m(Minecraft)[m [0mChanging simulation distance to 5, from 0
[m[34m[20:16:45][m [32m[Render thread/INFO][m [36m(ChunkBuilder)[m [0mStarted 2 worker threads
[m[34m[20:16:46][m [32m[Render thread/INFO][m [36m(Minecraft)[m [0mLoaded 30 advancements
[m[34m[20:16:46][m [32m[Render thread/INFO][m [36m(ChunkBuilder)[m [0mStopping worker threads
[m[34m[20:16:46][m [32m[Render thread/INFO][m [36m(ChunkBuilder)[m [0mStarted 2 worker threads
[m[34m[20:16:46][m [33m[Render thread/WARN][m [36m(Minecraft)[m [0mRequested post effect does not exist: minecraft:end_of_frame
[m[34m[20:16:47][m [32m[Render thread/INFO][m [36m(Minecraft)[m [0mResizing Dynamic Transforms UBO, capacity limit of 2 reached during a single frame. New capacity will be 4.
[m[34m[20:16:48][m [32m[Render thread/INFO][m [36m(Minecraft)[m [0mResizing Dynamic Transforms UBO, capacity limit of 4 reached during a single frame. New capacity will be 8.
[m[34m[20:16:48][m [32m[Render thread/INFO][m [36m(Minecraft)[m [0mResizing Dynamic Transforms UBO, capacity limit of 8 reached during a single frame. New capacity will be 16.
[m[34m[20:16:51][m [32m[Server thread/INFO][m [36m(Minecraft)[m [0mSaving and pausing game...
[m[34m[20:16:51][m [32m[Server thread/INFO][m [36m(Minecraft)[m [0mSaving chunks for level 'ServerLevel[Umsoea R13 Shader Test]'/minecraft:overworld
[m[34m[20:16:52][m [32m[Server thread/INFO][m [36m(Minecraft)[m [0mSaving chunks for level 'ServerLevel[Umsoea R13 Shader Test]'/minecraft:the_end
[m[34m[20:16:52][m [32m[Server thread/INFO][m [36m(Minecraft)[m [0mSaving chunks for level 'ServerLevel[Umsoea R13 Shader Test]'/minecraft:the_nether
[m[34m[20:17:08][m [32m[Server thread/INFO][m [36m(Minecraft)[m [0mSaving and pausing game...
[m[34m[20:17:08][m [32m[Server thread/INFO][m [36m(Minecraft)[m [0mSaving chunks for level 'ServerLevel[Umsoea R13 Shader Test]'/minecraft:overworld
[m[34m[20:17:08][m [32m[Server thread/INFO][m [36m(Minecraft)[m [0mSaving chunks for level 'ServerLevel[Umsoea R13 Shader Test]'/minecraft:the_end
[m[34m[20:17:08][m [32m[Server thread/INFO][m [36m(Minecraft)[m [0mSaving chunks for level 'ServerLevel[Umsoea R13 Shader Test]'/minecraft:the_nether
[m[34m[20:17:25][m [32m[Render thread/INFO][m [36m(Minecraft)[m [0mStopping!
[m[34m[20:17:25][m [32m[Server thread/INFO][m [36m(Minecraft)[m [0mStopping server
[m[34m[20:17:25][m [32m[Server thread/INFO][m [36m(Minecraft)[m [0mSaving players
[m[34m[20:17:25][m [32m[Server thread/INFO][m [36m(Minecraft)[m [0mPlayer394 lost connection: Disconnected
[m[34m[20:17:25][m [32m[Server thread/INFO][m [36m(Minecraft)[m [0mSystem chat: Player394 left the game
[m[34m[20:17:25][m [32m[Server thread/INFO][m [36m(Minecraft)[m [0mStopping singleplayer server as player logged out
[m[34m[20:17:25][m [32m[Server thread/INFO][m [36m(Minecraft)[m [0mSaving worlds
[m[34m[20:17:25][m [32m[Server thread/INFO][m [36m(Minecraft)[m [0mSaving chunks for level 'ServerLevel[Umsoea R13 Shader Test]'/minecraft:overworld
[m[34m[20:17:25][m [32m[Server thread/INFO][m [36m(Minecraft)[m [0mSaving chunks for level 'ServerLevel[Umsoea R13 Shader Test]'/minecraft:the_end
[m[34m[20:17:25][m [32m[Server thread/INFO][m [36m(Minecraft)[m [0mSaving chunks for level 'ServerLevel[Umsoea R13 Shader Test]'/minecraft:the_nether
[m[34m[20:17:25][m [32m[Render thread/INFO][m [36m(ChunkBuilder)[m [0mStopping worker threads
[m
[Incubating] Problems report is available at: file:///Users/d3ugahlan/Documents/ProjectVS/prisma/build/reports/problems/problems-report.html

Deprecated Gradle features were used in this build, making it incompatible with Gradle 10.

You can use '--warning-mode all' to show the individual deprecation warnings and determine if they come from your own scripts or plugins.

For more on this, please refer to https://docs.gradle.org/9.7.1/userguide/command_line_interface.html#sec:command_line_warnings in the Gradle documentation.

BUILD SUCCESSFUL in 8m
6 actionable tasks: 2 executed, 4 up-to-date
